{
'project:Silverpeas-Core-master/war-core/src/main/webapp/admin/jsp/DomainsBarSilverpeasV5.jsp':[
291,
],
'project:Silverpeas-Core-master/war-core/src/main/webapp/admin/jsp/ExploitationSilverTrace.jsp':[
316,
412,
415,
416,
457,
],
'project:Silverpeas-Core-master/war-core/src/main/webapp/admin/jsp/TopBarSilverpeasV5.jsp':[
156,
],
'project:Silverpeas-Core-master/war-core/src/main/webapp/admin/jsp/registerFromRemoteSocialNetwork.jsp':[
249,
],
'project:Silverpeas-Core-master/war-core/src/main/webapp/agenda/jsp/agenda.jsp':[
323,
],
'project:Silverpeas-Core-master/war-core/src/main/webapp/agenda/jsp/importSettings.jsp':[
134,
],
'project:Silverpeas-Core-master/war-core/src/main/webapp/attachment/jsp/displayAttachedFiles.jsp':[
259,
262,
301,
],
'project:Silverpeas-Core-master/war-core/src/main/webapp/defaultChangePassword.jsp':[
180,
184,
],
'project:Silverpeas-Core-master/war-core/src/main/webapp/defaultForcePasswordChange.jsp':[
108,
112,
],
'project:Silverpeas-Core-master/war-core/src/main/webapp/defaultLogin.jsp':[
240,
],
'project:Silverpeas-Core-master/war-core/src/main/webapp/defaultLoginQuestion.jsp':[
101,
],
'project:Silverpeas-Core-master/war-core/src/main/webapp/defaultLoginQuestionSelection.jsp':[
121,
],
'project:Silverpeas-Core-master/war-core/src/main/webapp/defaultPasswordAboutToExpire.jsp':[
121,
141,
],
'project:Silverpeas-Core-master/war-core/src/main/webapp/defaultPasswordExpired.jsp':[
110,
114,
],
'project:Silverpeas-Core-master/war-core/src/main/webapp/defaultReInitPassword.jsp':[
99,
],
'project:Silverpeas-Core-master/war-core/src/main/webapp/defaultResetPassword.jsp':[
104,
108,
],
'project:Silverpeas-Core-master/war-core/src/main/webapp/form/jsp/editor.jsp':[
378,
383,
388,
393,
399,
404,
409,
415,
420,
425,
430,
436,
503,
506,
],
'project:Silverpeas-Core-master/war-core/src/main/webapp/jobDomainPeas/jsp/userCreate.jsp':[
238,
],
'project:Silverpeas-Core-master/war-core/src/main/webapp/jobDomainPeas/jsp/userImport.jsp':[
201,
209,
],
'project:Silverpeas-Core-master/war-core/src/main/webapp/loginAuto.jsp':[
241,
],
'project:Silverpeas-Core-master/war-core/src/main/webapp/pdcPeas/jsp/axisManager.jsp':[
283,
284,
],
'project:Silverpeas-Core-master/war-core/src/main/webapp/pdcPeas/jsp/globalResult.jsp':[
593,
],
'project:Silverpeas-Core-master/war-core/src/main/webapp/pdcPeas/jsp/searchContext.jsp':[
411,
557,
],
'project:Silverpeas-Core-master/war-core/src/main/webapp/pdcPeas/jsp/searchContextInComponent.jsp':[
550,
710,
],
'project:Silverpeas-Core-master/war-core/src/main/webapp/pdcPeas/jsp/searchToSelect.jsp':[
616,
778,
],
'project:Silverpeas-Core-master/war-core/src/main/webapp/portlet/jsp/admin/colHeader.jsp':[
118,
],
'project:Silverpeas-Core-master/war-core/src/main/webapp/portlet/jsp/admin/portletAdminBarre.jsp':[
56,
60,
],
'project:Silverpeas-Core-master/war-core/src/main/webapp/sharing/jsp/ticketManager.jsp':[
190,
],
'project:Silverpeas-Core-master/war-core/src/main/webapp/socialNetwork/jsp/myProfil/myProfile.jsp':[
202,
204,
206,
207,
209,
210,
],
'project:Silverpeas-Core-master/war-core/src/main/webapp/socialNetwork/jsp/myProfil/myProfileTabIdentity.jsp':[
133,
],
'project:Silverpeas-Core-master/war-core/src/main/webapp/socialNetwork/jsp/myProfil/myProfileTabInvitations.jsp':[
209,
211,
212,
],
'project:Silverpeas-Core-master/war-core/src/main/webapp/socialNetwork/jsp/myProfil/myProfileTabWall.jsp':[
65,
66,
67,
68,
69,
70,
76,
],
'project:Silverpeas-Core-master/war-core/src/main/webapp/wysiwyg/jsp/ckeditor/_samples/adobeair/sample.html':[
37,
40,
],
'project:Silverpeas-Core-master/war-core/src/main/webapp/wysiwyg/jsp/ckeditor/_samples/ajax.html':[
74,
75,
],
'project:Silverpeas-Core-master/war-core/src/main/webapp/wysiwyg/jsp/ckeditor/_samples/api.html':[
160,
161,
162,
167,
173,
174,
177,
178,
],
'project:Silverpeas-Core-master/war-core/src/main/webapp/wysiwyg/jsp/ckeditor/_samples/output_for_flash.html':[
257,
],
'project:Silverpeas-Core-master/war-core/src/main/webapp/wysiwyg/jsp/ckeditor/_samples/readonly.html':[
76,
77,
],
'project:external_webkit-jb-mr1/LayoutTests/dom/html/level2/html/HTMLInputElement01.html':[
36,
],
'project:external_webkit-jb-mr1/LayoutTests/dom/html/level2/html/HTMLInputElement02.html':[
36,
],
'project:external_webkit-jb-mr1/LayoutTests/dom/html/level2/html/HTMLInputElement03.html':[
36,
],
'project:external_webkit-jb-mr1/LayoutTests/dom/html/level2/html/HTMLInputElement04.html':[
36,
],
'project:external_webkit-jb-mr1/LayoutTests/dom/html/level2/html/HTMLInputElement05.html':[
36,
],
'project:external_webkit-jb-mr1/LayoutTests/dom/html/level2/html/HTMLInputElement06.html':[
36,
],
'project:external_webkit-jb-mr1/LayoutTests/dom/html/level2/html/HTMLInputElement07.html':[
36,
],
'project:external_webkit-jb-mr1/LayoutTests/dom/html/level2/html/HTMLInputElement08.html':[
36,
],
'project:external_webkit-jb-mr1/LayoutTests/dom/html/level2/html/HTMLInputElement09.html':[
36,
],
'project:external_webkit-jb-mr1/LayoutTests/dom/html/level2/html/HTMLInputElement10.html':[
36,
],
'project:external_webkit-jb-mr1/LayoutTests/dom/html/level2/html/HTMLInputElement11.html':[
36,
],
'project:external_webkit-jb-mr1/LayoutTests/dom/html/level2/html/HTMLInputElement12.html':[
36,
],
'project:external_webkit-jb-mr1/LayoutTests/dom/html/level2/html/HTMLInputElement13.html':[
36,
],
'project:external_webkit-jb-mr1/LayoutTests/dom/html/level2/html/HTMLInputElement14.html':[
36,
],
'project:external_webkit-jb-mr1/LayoutTests/dom/html/level2/html/HTMLInputElement15.html':[
36,
],
'project:external_webkit-jb-mr1/LayoutTests/dom/html/level2/html/HTMLInputElement16.html':[
36,
],
'project:external_webkit-jb-mr1/LayoutTests/dom/html/level2/html/HTMLInputElement17.html':[
36,
],
'project:external_webkit-jb-mr1/LayoutTests/dom/html/level2/html/HTMLInputElement18.html':[
36,
],
'project:external_webkit-jb-mr1/LayoutTests/dom/html/level2/html/HTMLInputElement19.html':[
36,
],
'project:external_webkit-jb-mr1/LayoutTests/dom/html/level2/html/HTMLInputElement20.html':[
36,
],
'project:external_webkit-jb-mr1/LayoutTests/dom/html/level2/html/HTMLInputElement21.html':[
36,
],
'project:external_webkit-jb-mr1/LayoutTests/dom/html/level2/html/HTMLInputElement22.html':[
36,
],
'project:external_webkit-jb-mr1/LayoutTests/dom/xhtml/level2/html/HTMLInputElement01.xhtml':[
38,
],
'project:external_webkit-jb-mr1/LayoutTests/dom/xhtml/level2/html/HTMLInputElement02.xhtml':[
38,
],
'project:external_webkit-jb-mr1/LayoutTests/dom/xhtml/level2/html/HTMLInputElement03.xhtml':[
38,
],
'project:external_webkit-jb-mr1/LayoutTests/dom/xhtml/level2/html/HTMLInputElement04.xhtml':[
38,
],
'project:external_webkit-jb-mr1/LayoutTests/dom/xhtml/level2/html/HTMLInputElement05.xhtml':[
38,
],
'project:external_webkit-jb-mr1/LayoutTests/dom/xhtml/level2/html/HTMLInputElement06.xhtml':[
38,
],
'project:external_webkit-jb-mr1/LayoutTests/dom/xhtml/level2/html/HTMLInputElement07.xhtml':[
38,
],
'project:external_webkit-jb-mr1/LayoutTests/dom/xhtml/level2/html/HTMLInputElement08.xhtml':[
38,
],
'project:external_webkit-jb-mr1/LayoutTests/dom/xhtml/level2/html/HTMLInputElement09.xhtml':[
38,
],
'project:external_webkit-jb-mr1/LayoutTests/dom/xhtml/level2/html/HTMLInputElement10.xhtml':[
38,
],
'project:external_webkit-jb-mr1/LayoutTests/dom/xhtml/level2/html/HTMLInputElement11.xhtml':[
38,
],
'project:external_webkit-jb-mr1/LayoutTests/dom/xhtml/level2/html/HTMLInputElement12.xhtml':[
38,
],
'project:external_webkit-jb-mr1/LayoutTests/dom/xhtml/level2/html/HTMLInputElement13.xhtml':[
38,
],
'project:external_webkit-jb-mr1/LayoutTests/dom/xhtml/level2/html/HTMLInputElement14.xhtml':[
38,
],
'project:external_webkit-jb-mr1/LayoutTests/dom/xhtml/level2/html/HTMLInputElement15.xhtml':[
38,
],
'project:external_webkit-jb-mr1/LayoutTests/dom/xhtml/level2/html/HTMLInputElement16.xhtml':[
38,
],
'project:external_webkit-jb-mr1/LayoutTests/dom/xhtml/level2/html/HTMLInputElement17.xhtml':[
38,
],
'project:external_webkit-jb-mr1/LayoutTests/dom/xhtml/level2/html/HTMLInputElement18.xhtml':[
38,
],
'project:external_webkit-jb-mr1/LayoutTests/dom/xhtml/level2/html/HTMLInputElement19.xhtml':[
38,
],
'project:external_webkit-jb-mr1/LayoutTests/dom/xhtml/level2/html/HTMLInputElement20.xhtml':[
38,
],
'project:external_webkit-jb-mr1/LayoutTests/dom/xhtml/level2/html/HTMLInputElement21.xhtml':[
38,
],
'project:external_webkit-jb-mr1/LayoutTests/dom/xhtml/level2/html/HTMLInputElement22.xhtml':[
38,
],
'project:external_webkit-jb-mr1/LayoutTests/fast/dom/HTMLLabelElement/click-label.html':[
37,
38,
],
'project:external_webkit-jb-mr1/LayoutTests/fast/dom/Node/mutation-blur.html':[
68,
],
'project:external_webkit-jb-mr1/PerformanceTests/XSSFilter/resources/target-for-large-post-many-inline-scripts-and-events.html':[
8,
12,
16,
20,
24,
28,
32,
36,
40,
44,
48,
52,
56,
60,
64,
68,
72,
76,
80,
84,
88,
92,
96,
100,
104,
108,
112,
116,
120,
124,
128,
132,
136,
140,
144,
148,
152,
156,
160,
164,
168,
172,
176,
180,
184,
188,
192,
196,
200,
204,
208,
212,
216,
220,
224,
228,
232,
236,
240,
244,
248,
252,
256,
260,
264,
268,
272,
276,
280,
284,
288,
292,
296,
300,
304,
308,
312,
316,
320,
324,
328,
332,
336,
340,
344,
348,
352,
356,
360,
364,
368,
372,
376,
380,
384,
388,
392,
396,
400,
404,
408,
412,
416,
420,
424,
428,
432,
436,
440,
444,
448,
452,
456,
460,
464,
468,
472,
476,
480,
484,
488,
492,
496,
500,
504,
508,
512,
516,
520,
524,
528,
532,
536,
540,
544,
548,
552,
556,
560,
564,
568,
572,
576,
580,
584,
588,
592,
596,
600,
604,
608,
612,
616,
620,
624,
628,
632,
636,
640,
644,
648,
652,
656,
660,
664,
668,
672,
676,
680,
684,
688,
692,
696,
700,
704,
708,
712,
716,
720,
724,
728,
732,
736,
740,
744,
748,
752,
756,
760,
764,
768,
772,
776,
780,
784,
788,
792,
796,
800,
804,
808,
812,
816,
820,
824,
828,
832,
836,
840,
844,
848,
852,
856,
860,
864,
868,
872,
876,
880,
884,
888,
892,
896,
900,
904,
908,
912,
916,
920,
924,
928,
932,
936,
940,
944,
948,
952,
956,
960,
964,
968,
972,
976,
980,
984,
988,
992,
996,
1000,
1004,
1008,
1012,
1016,
1020,
1024,
1028,
1032,
1036,
1040,
1044,
1048,
1052,
1056,
1060,
1064,
1068,
1072,
1076,
1080,
1084,
1088,
1092,
1096,
1100,
1104,
1108,
1112,
1116,
1120,
1124,
1128,
1132,
1136,
1140,
1144,
1148,
1152,
1156,
1160,
1164,
1168,
1172,
1176,
1180,
1184,
1188,
1192,
1196,
1200,
1204,
1208,
1212,
1216,
1220,
1224,
1228,
1232,
1236,
1240,
1244,
1248,
1252,
1256,
1260,
1264,
1268,
1272,
1276,
1280,
1284,
],
'project:external_webkit-jb-mr1/Source/JavaScriptCore/tests/mozilla/importList.html':[
55,
58,
59,
],
'project:external_webkit-jb-mr1/Source/JavaScriptCore/tests/mozilla/menuhead.html':[
136,
137,
],
'project:external_webkit-jb-mr1/Source/WebCore/manual-tests/Default-port-frame.html':[
12,
],
'project:external_webkit-jb-mr1/Source/WebCore/manual-tests/animate-duration.html':[
49,
54,
59,
],
'project:external_webkit-jb-mr1/Source/WebCore/manual-tests/animated-gif-bfcache-crash.html':[
39,
],
'project:external_webkit-jb-mr1/Source/WebCore/manual-tests/animation-with-transition.html':[
56,
57,
],
'project:external_webkit-jb-mr1/Source/WebCore/manual-tests/array-out-of-memory.html':[
40,
],
'project:external_webkit-jb-mr1/Source/WebCore/manual-tests/audio-volume.html':[
23,
25,
26,
],
'project:external_webkit-jb-mr1/Source/WebCore/manual-tests/back.html':[
1,
],
'project:external_webkit-jb-mr1/Source/WebCore/manual-tests/bugzilla-14899.html':[
27,
],
'project:external_webkit-jb-mr1/Source/WebCore/manual-tests/bugzilla-6821.html':[
51,
],
'project:external_webkit-jb-mr1/Source/WebCore/manual-tests/chrome-bidi-text.html':[
5,
],
'project:external_webkit-jb-mr1/Source/WebCore/manual-tests/clear-input-file.html':[
23,
24,
25,
26,
],
'project:external_webkit-jb-mr1/Source/WebCore/manual-tests/computed-transform-value.html':[
25,
],
'project:external_webkit-jb-mr1/Source/WebCore/manual-tests/debugger-caught-uncaught-exceptions.html':[
33,
],
'project:external_webkit-jb-mr1/Source/WebCore/manual-tests/form-control-madness.html':[
1,
],
'project:external_webkit-jb-mr1/Source/WebCore/manual-tests/input-starved-by-timers.html':[
48,
],
'project:external_webkit-jb-mr1/Source/WebCore/manual-tests/input-type-text-unconfirmed-inline-input.html':[
17,
],
'project:external_webkit-jb-mr1/Source/WebCore/manual-tests/inspector/console-log-formatting.html':[
68,
],
'project:external_webkit-jb-mr1/Source/WebCore/manual-tests/inspector/console-time.html':[
33,
],
'project:external_webkit-jb-mr1/Source/WebCore/manual-tests/inspector/debugger-execution-while-paused.html':[
14,
15,
],
'project:external_webkit-jb-mr1/Source/WebCore/manual-tests/inspector/debugger-shortcuts-with-console-opened.html':[
16,
],
'project:external_webkit-jb-mr1/Source/WebCore/manual-tests/inspector/debugger-step-on-do-while-statements.html':[
22,
],
'project:external_webkit-jb-mr1/Source/WebCore/manual-tests/inspector/debugger-step-on-for-in-statements.html':[
29,
],
'project:external_webkit-jb-mr1/Source/WebCore/manual-tests/inspector/debugger-step-on-for-statements.html':[
19,
],
'project:external_webkit-jb-mr1/Source/WebCore/manual-tests/inspector/debugger-step-on-while-statements.html':[
22,
],
'project:external_webkit-jb-mr1/Source/WebCore/manual-tests/inspector/dom-mutation.html':[
25,
26,
],
'project:external_webkit-jb-mr1/Source/WebCore/manual-tests/inspector/errors-with-space in-url.html':[
7,
],
'project:external_webkit-jb-mr1/Source/WebCore/manual-tests/inspector/multiple-console-messages.html':[
81,
83,
85,
],
'project:external_webkit-jb-mr1/Source/WebCore/manual-tests/inspector/named-evals.html':[
65,
],
'project:external_webkit-jb-mr1/Source/WebCore/manual-tests/inspector/returnEvent-crash.html':[
17,
],
'project:external_webkit-jb-mr1/Source/WebCore/manual-tests/invalid-mouse-event.html':[
11,
],
'project:external_webkit-jb-mr1/Source/WebCore/manual-tests/left-overflow-repaint.html':[
25,
37,
49,
],
'project:external_webkit-jb-mr1/Source/WebCore/manual-tests/liveconnect-applet-array-parameters.html':[
11,
12,
13,
14,
15,
16,
17,
18,
19,
20,
],
'project:external_webkit-jb-mr1/Source/WebCore/manual-tests/liveconnect-applet-get-boolean.html':[
5,
],
'project:external_webkit-jb-mr1/Source/WebCore/manual-tests/load-deferrer-resume-crash.html':[
26,
],
'project:external_webkit-jb-mr1/Source/WebCore/manual-tests/load-deferrer-script-element.html':[
40,
],
'project:external_webkit-jb-mr1/Source/WebCore/manual-tests/location-host-canonicalization.html':[
13,
],
'project:external_webkit-jb-mr1/Source/WebCore/manual-tests/media-default-playback-rate.html':[
79,
80,
81,
82,
85,
86,
],
'project:external_webkit-jb-mr1/Source/WebCore/manual-tests/media-muted.html':[
28,
],
'project:external_webkit-jb-mr1/Source/WebCore/manual-tests/modal-dialog-arguments.html':[
16,
],
'project:external_webkit-jb-mr1/Source/WebCore/manual-tests/modal-dialog.html':[
23,
24,
],
'project:external_webkit-jb-mr1/Source/WebCore/manual-tests/nested-plug-ins.html':[
26,
29,
34,
37,
40,
],
'project:external_webkit-jb-mr1/Source/WebCore/manual-tests/new-window-subresource-crash.html':[
19,
],
'project:external_webkit-jb-mr1/Source/WebCore/manual-tests/onbeforeunload-close_with_javascript.html':[
36,
37,
],
'project:external_webkit-jb-mr1/Source/WebCore/manual-tests/onclick_in_noncontent.html':[
13,
],
'project:external_webkit-jb-mr1/Source/WebCore/manual-tests/onunload-form-submit-crash.html':[
3,
],
'project:external_webkit-jb-mr1/Source/WebCore/manual-tests/open-close-tokenizer-crash.html':[
3,
],
'project:external_webkit-jb-mr1/Source/WebCore/manual-tests/open-url-undefined.html':[
10,
],
'project:external_webkit-jb-mr1/Source/WebCore/manual-tests/plugin-visible-rect-change.html':[
7,
],
'project:external_webkit-jb-mr1/Source/WebCore/manual-tests/plugins/gtk-windowed-grey-glitch.html':[
18,
],
'project:external_webkit-jb-mr1/Source/WebCore/manual-tests/pre-tab-selection-rect.html':[
44,
49,
54,
59,
],
'project:external_webkit-jb-mr1/Source/WebCore/manual-tests/print-after-window-close.html':[
8,
],
'project:external_webkit-jb-mr1/Source/WebCore/manual-tests/remove-form-node-with-radio-buttons-crash.html':[
30,
],
'project:external_webkit-jb-mr1/Source/WebCore/manual-tests/resources/hover-subframe-1.html':[
25,
],
'project:external_webkit-jb-mr1/Source/WebCore/manual-tests/resources/hover-subframe-2.html':[
25,
],
'project:external_webkit-jb-mr1/Source/WebCore/manual-tests/scrollIntoView-horizontal.html':[
20,
22,
26,
],
'project:external_webkit-jb-mr1/Source/WebCore/manual-tests/scrollIntoView-vertical.html':[
20,
21,
27,
33,
],
'project:external_webkit-jb-mr1/Source/WebCore/manual-tests/select_hr.html':[
221,
230,
],
'project:external_webkit-jb-mr1/Source/WebCore/manual-tests/selection-start-after-inserting-line-break-in-textarea.html':[
6,
],
'project:external_webkit-jb-mr1/Source/WebCore/manual-tests/show-hide-object.html':[
44,
44,
],
'project:external_webkit-jb-mr1/Source/WebCore/manual-tests/show-modal-dialog-test.html':[
12,
],
'project:external_webkit-jb-mr1/Source/WebCore/manual-tests/stale-currentEvent.html':[
52,
],
'project:external_webkit-jb-mr1/Source/WebCore/manual-tests/submit-form-with-target-twice.html':[
14,
],
'project:external_webkit-jb-mr1/Source/WebCore/manual-tests/target_new-1.html':[
7,
8,
9,
],
'project:external_webkit-jb-mr1/Source/WebCore/manual-tests/transition-delay.html':[
47,
],
'project:external_webkit-jb-mr1/Source/WebCore/manual-tests/transition-events.html':[
79,
],
'project:external_webkit-jb-mr1/Source/WebCore/manual-tests/transitions.html':[
25,
],
'project:external_webkit-jb-mr1/Source/WebCore/manual-tests/transitions2.html':[
25,
],
'project:external_webkit-jb-mr1/Source/WebCore/manual-tests/update-empty-popup.html':[
25,
],
'project:external_webkit-jb-mr1/Source/WebCore/manual-tests/window-close-during-parsing.html':[
7,
13,
],
'project:external_webkit-jb-mr1/Source/WebCore/manual-tests/window-open-features-parsing.html':[
28,
37,
],
'project:external_webkit-jb-mr1/Source/WebCore/manual-tests/window-sizing.html':[
111,
116,
121,
],
'project:external_webkit-jb-mr1/Source/WebKit/gtk/resources/error.html':[
54,
],
'project:external_webkit-jb-mr1/Tools/BuildSlaveSupport/build.webkit.org-config/public_html/LeaksViewer/index.html':[
72,
],
'project:external_webkit-jb-mr1/Tools/CSSTestSuiteHarness/harness/harness.html':[
175,
176,
188,
191,
192,
193,
203,
224,
228,
229,
256,
256,
],
'project:external_webkit-jb-mr1/Tools/QueueStatusServer/templates/dashboard.html':[
34,
],
'project:external_webkit-jb-mr1/Tools/QueueStatusServer/templates/statusbubble.html':[
66,
],
'project:phpMyAdmin-4.0.4-english/pmd_general.php':[
80,
85,
89,
94,
98,
103,
107,
112,
121,
126,
131,
136,
140,
145,
158,
168,
172,
176,
257,
269,
273,
],
'project:sonar-master/plugins/sonar-core-plugin/src/main/resources/org/sonar/plugins/core/web/tests_viewer.html.erb':[
99,
109,
110,
],
'project:sonar-master/plugins/sonar-core-plugin/src/main/resources/org/sonar/plugins/core/widgets/complexity.html.erb':[
81,
87,
93,
],
'project:sonar-master/plugins/sonar-core-plugin/src/main/resources/org/sonar/plugins/core/widgets/description.html.erb':[
44,
],
'project:sonar-master/plugins/sonar-core-plugin/src/main/resources/org/sonar/plugins/core/widgets/events.html.erb':[
102,
],
'project:sonar-master/plugins/sonar-core-plugin/src/main/resources/org/sonar/plugins/core/widgets/hotspots/hotspot_most_violated_rules.html.erb':[
35,
],
'project:sonar-master/sonar-server/src/main/webapp/WEB-INF/app/views/account/_per_project_notifications.html.erb':[
45,
],
'project:sonar-master/sonar-server/src/main/webapp/WEB-INF/app/views/bulk_deletion/index.html.erb':[
42,
48,
52,
],
'project:sonar-master/sonar-server/src/main/webapp/WEB-INF/app/views/cloud/index.html.erb':[
34,
37,
67,
],
'project:sonar-master/sonar-server/src/main/webapp/WEB-INF/app/views/comparison/index.html.erb':[
167,
174,
179,
221,
224,
226,
],
'project:sonar-master/sonar-server/src/main/webapp/WEB-INF/app/views/confirm/_confirm.html.erb':[
20,
],
'project:sonar-master/sonar-server/src/main/webapp/WEB-INF/app/views/dashboard/_configure_widget.html.erb':[
10,
12,
],
'project:sonar-master/sonar-server/src/main/webapp/WEB-INF/app/views/dashboard/_widget_definitions.html.erb':[
7,
11,
],
'project:sonar-master/sonar-server/src/main/webapp/WEB-INF/app/views/dashboard/_widget_properties.html.erb':[
52,
],
'project:sonar-master/sonar-server/src/main/webapp/WEB-INF/app/views/dashboards/_create_form.html.erb':[
34,
],
'project:sonar-master/sonar-server/src/main/webapp/WEB-INF/app/views/dashboards/_delete_form.html.erb':[
15,
],
'project:sonar-master/sonar-server/src/main/webapp/WEB-INF/app/views/dashboards/_edit_form.html.erb':[
37,
],
'project:sonar-master/sonar-server/src/main/webapp/WEB-INF/app/views/drilldown/issues.html.erb':[
143,
153,
],
'project:sonar-master/sonar-server/src/main/webapp/WEB-INF/app/views/drilldown/measures.html.erb':[
65,
74,
],
'project:sonar-master/sonar-server/src/main/webapp/WEB-INF/app/views/groups/select_user.html.erb':[
20,
21,
22,
],
'project:sonar-master/sonar-server/src/main/webapp/WEB-INF/app/views/issue/_assign_form.html.erb':[
9,
14,
],
'project:sonar-master/sonar-server/src/main/webapp/WEB-INF/app/views/issue/_comment_form.html.erb':[
12,
],
'project:sonar-master/sonar-server/src/main/webapp/WEB-INF/app/views/issue/_create_form.html.erb':[
44,
],
'project:sonar-master/sonar-server/src/main/webapp/WEB-INF/app/views/issue/_delete_comment_form.html.erb':[
15,
],
'project:sonar-master/sonar-server/src/main/webapp/WEB-INF/app/views/issue/_edit_comment_form.html.erb':[
11,
],
'project:sonar-master/sonar-server/src/main/webapp/WEB-INF/app/views/issue/_issue.html.erb':[
4,
9,
24,
55,
56,
66,
72,
74,
76,
87,
89,
103,
113,
117,
125,
133,
],
'project:sonar-master/sonar-server/src/main/webapp/WEB-INF/app/views/issue/_plan_form.html.erb':[
34,
39,
],
'project:sonar-master/sonar-server/src/main/webapp/WEB-INF/app/views/issue/_rule.html.erb':[
18,
],
'project:sonar-master/sonar-server/src/main/webapp/WEB-INF/app/views/issue/_severity_form.html.erb':[
13,
],
'project:sonar-master/sonar-server/src/main/webapp/WEB-INF/app/views/issue/_show.html.erb':[
16,
],
'project:sonar-master/sonar-server/src/main/webapp/WEB-INF/app/views/issue/_show_modal.html.erb':[
5,
],
'project:sonar-master/sonar-server/src/main/webapp/WEB-INF/app/views/issues/_copy_form.html.erb':[
10,
],
'project:sonar-master/sonar-server/src/main/webapp/WEB-INF/app/views/issues/_edit_form.html.erb':[
10,
],
'project:sonar-master/sonar-server/src/main/webapp/WEB-INF/app/views/issues/_save_as_form.html.erb':[
10,
],
'project:sonar-master/sonar-server/src/main/webapp/WEB-INF/app/views/layouts/_iframe.html.erb':[
3,
4,
5,
],
'project:sonar-master/sonar-server/src/main/webapp/WEB-INF/app/views/layouts/_layout.html.erb':[
173,
176,
179,
],
'project:sonar-master/sonar-server/src/main/webapp/WEB-INF/app/views/layouts/_menu_administration.html.erb':[
2,
],
'project:sonar-master/sonar-server/src/main/webapp/WEB-INF/app/views/layouts/_menu_projects.html.erb':[
8,
],
'project:sonar-master/sonar-server/src/main/webapp/WEB-INF/app/views/layouts/_menu_resource_settings.html.erb':[
2,
],
'project:sonar-master/sonar-server/src/main/webapp/WEB-INF/app/views/layouts/_menu_user.html.erb':[
2,
7,
],
'project:sonar-master/sonar-server/src/main/webapp/WEB-INF/app/views/layouts/_nolayout.html.erb':[
3,
4,
5,
],
'project:sonar-master/sonar-server/src/main/webapp/WEB-INF/app/views/manual_measures/new.html.erb':[
86,
],
'project:sonar-master/sonar-server/src/main/webapp/WEB-INF/app/views/markdown/_tips.html.erb':[
2,
],
'project:sonar-master/sonar-server/src/main/webapp/WEB-INF/app/views/measures/_copy_form.html.erb':[
26,
],
'project:sonar-master/sonar-server/src/main/webapp/WEB-INF/app/views/measures/_edit_form.html.erb':[
32,
],
'project:sonar-master/sonar-server/src/main/webapp/WEB-INF/app/views/measures/_save_as_form.html.erb':[
28,
],
'project:sonar-master/sonar-server/src/main/webapp/WEB-INF/app/views/profiles/_copy_form.html.erb':[
22,
],
'project:sonar-master/sonar-server/src/main/webapp/WEB-INF/app/views/profiles/_create_form.html.erb':[
31,
],
'project:sonar-master/sonar-server/src/main/webapp/WEB-INF/app/views/profiles/_diff_rule.html.erb':[
3,
],
'project:sonar-master/sonar-server/src/main/webapp/WEB-INF/app/views/profiles/_rename_form.html.erb':[
21,
],
'project:sonar-master/sonar-server/src/main/webapp/WEB-INF/app/views/profiles/_restore_form.html.erb':[
19,
],
'project:sonar-master/sonar-server/src/main/webapp/WEB-INF/app/views/profiles/index.html.erb':[
82,
],
'project:sonar-master/sonar-server/src/main/webapp/WEB-INF/app/views/project/_key_modules.html.erb':[
10,
],
'project:sonar-master/sonar-server/src/main/webapp/WEB-INF/app/views/project/history.html.erb':[
66,
75,
85,
101,
113,
121,
131,
],
'project:sonar-master/sonar-server/src/main/webapp/WEB-INF/app/views/project_roles/edit_groups.html.erb':[
24,
25,
26,
],
'project:sonar-master/sonar-server/src/main/webapp/WEB-INF/app/views/project_roles/edit_users.html.erb':[
25,
26,
27,
],
'project:sonar-master/sonar-server/src/main/webapp/WEB-INF/app/views/property_sets/_list.html.erb':[
15,
],
'project:sonar-master/sonar-server/src/main/webapp/WEB-INF/app/views/resource/_duplications.html.erb':[
61,
],
'project:sonar-master/sonar-server/src/main/webapp/WEB-INF/app/views/resource/_options.html.erb':[
26,
],
'project:sonar-master/sonar-server/src/main/webapp/WEB-INF/app/views/resource/_tabs.html.erb':[
35,
43,
],
'project:sonar-master/sonar-server/src/main/webapp/WEB-INF/app/views/roles/edit_default_project_groups.html.erb':[
28,
29,
30,
],
'project:sonar-master/sonar-server/src/main/webapp/WEB-INF/app/views/roles/edit_default_project_users.html.erb':[
27,
28,
29,
],
'project:sonar-master/sonar-server/src/main/webapp/WEB-INF/app/views/roles/edit_groups.html.erb':[
33,
34,
35,
],
'project:sonar-master/sonar-server/src/main/webapp/WEB-INF/app/views/roles/edit_users.html.erb':[
33,
34,
35,
],
'project:sonar-master/sonar-server/src/main/webapp/WEB-INF/app/views/rules/_show_modal.html.erb':[
39,
],
'project:sonar-master/sonar-server/src/main/webapp/WEB-INF/app/views/rules_configuration/_active_rule_note.html.erb':[
19,
32,
52,
],
'project:sonar-master/sonar-server/src/main/webapp/WEB-INF/app/views/rules_configuration/_rule_note.html.erb':[
25,
48,
],
'project:sonar-master/sonar-server/src/main/webapp/WEB-INF/app/views/rules_configuration/edit.html.erb':[
63,
],
'project:sonar-master/sonar-server/src/main/webapp/WEB-INF/app/views/rules_configuration/index.html.erb':[
114,
],
'project:sonar-master/sonar-server/src/main/webapp/WEB-INF/app/views/shared/_source_coverage.html.erb':[
4,
],
'project:sonar-master/sonar-server/src/main/webapp/WEB-INF/app/views/shared/_source_issue_form.html.erb':[
1,
],
'project:sonar-master/sonar-server/src/main/webapp/WEB-INF/app/views/test/_testable.html.erb':[
11,
30,
],
'project:sonar-master/sonar-server/src/main/webapp/WEB-INF/app/views/test/_testcase.html.erb':[
23,
],
'project:sonar-master/sonar-server/src/main/webapp/WEB-INF/app/views/updatecenter/available.html.erb':[
40,
106,
],
'project:sonar-master/sonar-server/src/main/webapp/WEB-INF/app/views/updatecenter/index.html.erb':[
26,
],
'project:sonar-master/sonar-server/src/main/webapp/WEB-INF/app/views/updatecenter/system_updates.html.erb':[
74,
83,
],
'project:sonar-master/sonar-server/src/main/webapp/WEB-INF/app/views/updatecenter/updates.html.erb':[
77,
],
'project:sonar-master/sonar-server/src/main/webapp/WEB-INF/app/views/users/select_group.html.erb':[
20,
21,
22,
],
'project:sonar-master/sonar-server/src/main/webapp/WEB-INF/gems/gems/actionpack-2.3.15/lib/action_controller/templates/rescues/_request_and_response.erb':[
3,
19,
],
'project:sonar-master/sonar-server/src/main/webapp/WEB-INF/gems/gems/actionpack-2.3.15/lib/action_controller/templates/rescues/_trace.erb':[
18,
],
'project:sonar-master/sonar-server/src/main/webapp/WEB-INF/gems/gems/rails-2.3.15/html/index.html':[
245,
],
}
