{
'project:Silverpeas-Core-master/config-core/src/main/config/web/weblib.war/look/login/Login.jsp':[
63,
],
'project:Silverpeas-Core-master/war-core/src/main/webapp/agenda/jsp/synchroIcal.jsp':[
133,
],
'project:Silverpeas-Core-master/war-core/src/main/webapp/defaultChangePassword.jsp':[
159,
163,
167,
],
'project:Silverpeas-Core-master/war-core/src/main/webapp/defaultForcePasswordChange.jsp':[
95,
99,
103,
],
'project:Silverpeas-Core-master/war-core/src/main/webapp/defaultLogin.jsp':[
220,
],
'project:Silverpeas-Core-master/war-core/src/main/webapp/defaultLoginQuestion.jsp':[
97,
],
'project:Silverpeas-Core-master/war-core/src/main/webapp/defaultLoginQuestionSelection.jsp':[
112,
116,
],
'project:Silverpeas-Core-master/war-core/src/main/webapp/defaultPasswordAboutToExpire.jsp':[
101,
105,
109,
],
'project:Silverpeas-Core-master/war-core/src/main/webapp/defaultPasswordExpired.jsp':[
94,
98,
102,
],
'project:Silverpeas-Core-master/war-core/src/main/webapp/defaultResetPassword.jsp':[
95,
99,
],
'project:Silverpeas-Core-master/war-core/src/main/webapp/jobDomainPeas/jsp/userCreate.jsp':[
247,
253,
],
'project:Silverpeas-Core-master/war-core/src/main/webapp/loginAuto.jsp':[
225,
],
'project:Silverpeas-Core-master/war-core/src/main/webapp/socialNetwork/jsp/myProfil/myProfileTabIdentity.jsp':[
129,
133,
137,
],
'project:Silverpeas-Core-master/war-core/src/main/webapp/webConnections/jsp/connectionManager.jsp':[
178,
],
'project:external_webkit-jb-mr1/LayoutTests/dom/html/level2/html/HTMLInputElement01.html':[
18,
],
'project:external_webkit-jb-mr1/LayoutTests/dom/html/level2/html/HTMLInputElement02.html':[
18,
],
'project:external_webkit-jb-mr1/LayoutTests/dom/html/level2/html/HTMLInputElement03.html':[
18,
],
'project:external_webkit-jb-mr1/LayoutTests/dom/html/level2/html/HTMLInputElement04.html':[
18,
],
'project:external_webkit-jb-mr1/LayoutTests/dom/html/level2/html/HTMLInputElement05.html':[
18,
],
'project:external_webkit-jb-mr1/LayoutTests/dom/html/level2/html/HTMLInputElement06.html':[
18,
],
'project:external_webkit-jb-mr1/LayoutTests/dom/html/level2/html/HTMLInputElement07.html':[
18,
],
'project:external_webkit-jb-mr1/LayoutTests/dom/html/level2/html/HTMLInputElement08.html':[
18,
],
'project:external_webkit-jb-mr1/LayoutTests/dom/html/level2/html/HTMLInputElement09.html':[
18,
],
'project:external_webkit-jb-mr1/LayoutTests/dom/html/level2/html/HTMLInputElement10.html':[
18,
],
'project:external_webkit-jb-mr1/LayoutTests/dom/html/level2/html/HTMLInputElement11.html':[
18,
],
'project:external_webkit-jb-mr1/LayoutTests/dom/html/level2/html/HTMLInputElement12.html':[
18,
],
'project:external_webkit-jb-mr1/LayoutTests/dom/html/level2/html/HTMLInputElement13.html':[
18,
],
'project:external_webkit-jb-mr1/LayoutTests/dom/html/level2/html/HTMLInputElement14.html':[
18,
],
'project:external_webkit-jb-mr1/LayoutTests/dom/html/level2/html/HTMLInputElement15.html':[
18,
],
'project:external_webkit-jb-mr1/LayoutTests/dom/html/level2/html/HTMLInputElement16.html':[
18,
],
'project:external_webkit-jb-mr1/LayoutTests/dom/html/level2/html/HTMLInputElement17.html':[
18,
],
'project:external_webkit-jb-mr1/LayoutTests/dom/html/level2/html/HTMLInputElement18.html':[
18,
],
'project:external_webkit-jb-mr1/LayoutTests/dom/html/level2/html/HTMLInputElement19.html':[
18,
],
'project:external_webkit-jb-mr1/LayoutTests/dom/html/level2/html/HTMLInputElement20.html':[
18,
],
'project:external_webkit-jb-mr1/LayoutTests/dom/html/level2/html/HTMLInputElement21.html':[
18,
],
'project:external_webkit-jb-mr1/LayoutTests/dom/html/level2/html/HTMLInputElement22.html':[
18,
],
'project:external_webkit-jb-mr1/LayoutTests/dom/html/level2/html/HTMLLabelElement01.html':[
11,
16,
],
'project:external_webkit-jb-mr1/LayoutTests/dom/html/level2/html/HTMLLabelElement02.html':[
11,
16,
],
'project:external_webkit-jb-mr1/LayoutTests/dom/html/level2/html/HTMLLabelElement03.html':[
11,
16,
],
'project:external_webkit-jb-mr1/LayoutTests/dom/html/level2/html/HTMLLabelElement04.html':[
11,
16,
],
'project:external_webkit-jb-mr1/LayoutTests/dom/html/level2/html/HTMLLegendElement01.html':[
11,
16,
],
'project:external_webkit-jb-mr1/LayoutTests/dom/html/level2/html/HTMLLegendElement02.html':[
11,
16,
],
'project:external_webkit-jb-mr1/LayoutTests/dom/html/level2/html/HTMLLegendElement03.html':[
11,
16,
],
'project:external_webkit-jb-mr1/LayoutTests/dom/html/level2/html/HTMLLegendElement04.html':[
11,
16,
],
'project:external_webkit-jb-mr1/LayoutTests/dom/xhtml/level2/html/HTMLInputElement01.xhtml':[
20,
],
'project:external_webkit-jb-mr1/LayoutTests/dom/xhtml/level2/html/HTMLInputElement02.xhtml':[
20,
],
'project:external_webkit-jb-mr1/LayoutTests/dom/xhtml/level2/html/HTMLInputElement03.xhtml':[
20,
],
'project:external_webkit-jb-mr1/LayoutTests/dom/xhtml/level2/html/HTMLInputElement04.xhtml':[
20,
],
'project:external_webkit-jb-mr1/LayoutTests/dom/xhtml/level2/html/HTMLInputElement05.xhtml':[
20,
],
'project:external_webkit-jb-mr1/LayoutTests/dom/xhtml/level2/html/HTMLInputElement06.xhtml':[
20,
],
'project:external_webkit-jb-mr1/LayoutTests/dom/xhtml/level2/html/HTMLInputElement07.xhtml':[
20,
],
'project:external_webkit-jb-mr1/LayoutTests/dom/xhtml/level2/html/HTMLInputElement08.xhtml':[
20,
],
'project:external_webkit-jb-mr1/LayoutTests/dom/xhtml/level2/html/HTMLInputElement09.xhtml':[
20,
],
'project:external_webkit-jb-mr1/LayoutTests/dom/xhtml/level2/html/HTMLInputElement10.xhtml':[
20,
],
'project:external_webkit-jb-mr1/LayoutTests/dom/xhtml/level2/html/HTMLInputElement11.xhtml':[
20,
],
'project:external_webkit-jb-mr1/LayoutTests/dom/xhtml/level2/html/HTMLInputElement12.xhtml':[
20,
],
'project:external_webkit-jb-mr1/LayoutTests/dom/xhtml/level2/html/HTMLInputElement13.xhtml':[
20,
],
'project:external_webkit-jb-mr1/LayoutTests/dom/xhtml/level2/html/HTMLInputElement14.xhtml':[
20,
],
'project:external_webkit-jb-mr1/LayoutTests/dom/xhtml/level2/html/HTMLInputElement15.xhtml':[
20,
],
'project:external_webkit-jb-mr1/LayoutTests/dom/xhtml/level2/html/HTMLInputElement16.xhtml':[
20,
],
'project:external_webkit-jb-mr1/LayoutTests/dom/xhtml/level2/html/HTMLInputElement17.xhtml':[
20,
],
'project:external_webkit-jb-mr1/LayoutTests/dom/xhtml/level2/html/HTMLInputElement18.xhtml':[
20,
],
'project:external_webkit-jb-mr1/LayoutTests/dom/xhtml/level2/html/HTMLInputElement19.xhtml':[
20,
],
'project:external_webkit-jb-mr1/LayoutTests/dom/xhtml/level2/html/HTMLInputElement20.xhtml':[
20,
],
'project:external_webkit-jb-mr1/LayoutTests/dom/xhtml/level2/html/HTMLInputElement21.xhtml':[
20,
],
'project:external_webkit-jb-mr1/LayoutTests/dom/xhtml/level2/html/HTMLInputElement22.xhtml':[
20,
],
'project:external_webkit-jb-mr1/LayoutTests/dom/xhtml/level2/html/HTMLLabelElement01.xhtml':[
13,
18,
],
'project:external_webkit-jb-mr1/LayoutTests/dom/xhtml/level2/html/HTMLLabelElement02.xhtml':[
13,
18,
],
'project:external_webkit-jb-mr1/LayoutTests/dom/xhtml/level2/html/HTMLLabelElement03.xhtml':[
13,
18,
],
'project:external_webkit-jb-mr1/LayoutTests/dom/xhtml/level2/html/HTMLLabelElement04.xhtml':[
13,
18,
],
'project:external_webkit-jb-mr1/LayoutTests/dom/xhtml/level2/html/HTMLLegendElement01.xhtml':[
13,
18,
],
'project:external_webkit-jb-mr1/LayoutTests/dom/xhtml/level2/html/HTMLLegendElement02.xhtml':[
13,
18,
],
'project:external_webkit-jb-mr1/LayoutTests/dom/xhtml/level2/html/HTMLLegendElement03.xhtml':[
13,
18,
],
'project:external_webkit-jb-mr1/LayoutTests/dom/xhtml/level2/html/HTMLLegendElement04.xhtml':[
13,
18,
],
'project:external_webkit-jb-mr1/Source/WebCore/manual-tests/password-caps-lock.html':[
21,
],
'project:external_webkit-jb-mr1/Source/WebCore/manual-tests/password-ctrl-click-lose-focus.html':[
21,
],
'project:external_webkit-jb-mr1/Source/WebCore/manual-tests/secure-keyboard-enabled-after-submit.html':[
30,
],
'project:external_webkit-jb-mr1/Source/WebKit/qt/tests/qgraphicswebview/resources/input_types.html':[
3,
],
'project:external_webkit-jb-mr1/Source/WebKit/qt/tests/qwebview/resources/input_types.html':[
3,
],
'project:phpMyAdmin-4.0.4-english/examples/signon.php':[
56,
],
'project:sonar-master/sonar-server/src/main/webapp/WEB-INF/app/views/users/new.html.erb':[
17,
21,
],
}
